2026.05.06 11:56:29 INFO  Started: Metals version 1.6.7 in folders '/Users/luiscadena/Documents/Universidad/semestre7/Compunet_2/TareaRest' for client Antigravity 1.107.0.
2026.05.06 11:56:29 INFO  Memory monitor started
2026.05.06 11:56:31 WARN  Using H2 2.4.240 which is newer than the version Flyway has been verified with. The latest verified version of H2 is 2.3.232.
2026.05.06 11:56:32 INFO  no build target found for /Users/luiscadena/Documents/Universidad/semestre7/Compunet_2/TareaRest/tarea-rest-webones/src/main/java/com/gestion/academica/model/Role.java. Using fallback presentation compiler.
May 06, 2026 11:56:35 A.M. org.eclipse.lsp4j.jsonrpc.RemoteEndpoint handleCancellation
WARNING: Unmatched cancel notification for request id 1
2026.05.06 11:56:38 INFO  no build target found for /Users/luiscadena/Documents/Universidad/semestre7/Compunet_2/TareaRest/tarea-rest-webones/src/main/java/com/gestion/academica/model/Role.java. Using fallback presentation compiler.
May 06, 2026 11:56:39 A.M. org.eclipse.lsp4j.jsonrpc.RemoteEndpoint handleCancellation
WARNING: Unmatched cancel notification for request id 9
2026.05.06 11:56:38 INFO  no build target found for /Users/luiscadena/Documents/Universidad/semestre7/Compunet_2/TareaRest/tarea-rest-webones/src/main/java/com/gestion/academica/model/Role.java. Using fallback presentation compiler.
2026.05.06 11:56:40 INFO  no build target found for /Users/luiscadena/Documents/Universidad/semestre7/Compunet_2/TareaRest/tarea-rest-webones/src/main/java/com/gestion/academica/model/Role.java. Using fallback presentation compiler.
2026.05.06 11:56:48 WARN  no build target for: /Users/luiscadena/Documents/Universidad/semestre7/Compunet_2/TareaRest/tarea-rest-webones/src/main/java/com/gestion/academica/repository/UserRepository.java
2026.05.06 11:56:48 WARN  no build target for: /Users/luiscadena/Documents/Universidad/semestre7/Compunet_2/TareaRest/tarea-rest-webones/src/main/java/com/gestion/academica/model/Submission.java
2026.05.06 11:56:48 WARN  no build target for: /Users/luiscadena/Documents/Universidad/semestre7/Compunet_2/TareaRest/tarea-rest-webones/src/main/java/com/gestion/academica/repository/ActivityRepository.java
2026.05.06 11:56:48 WARN  no build target for: /Users/luiscadena/Documents/Universidad/semestre7/Compunet_2/TareaRest/tarea-rest-webones/src/main/java/com/gestion/academica/model/Course.java
2026.05.06 11:56:48 WARN  no build target for: /Users/luiscadena/Documents/Universidad/semestre7/Compunet_2/TareaRest/tarea-rest-webones/src/main/java/com/gestion/academica/repository/SubmissionRepository.java
2026.05.06 11:56:48 WARN  no build target for: /Users/luiscadena/Documents/Universidad/semestre7/Compunet_2/TareaRest/tarea-rest-webones/src/main/java/com/gestion/academica/model/Activity.java
2026.05.06 11:56:48 WARN  no build target for: /Users/luiscadena/Documents/Universidad/semestre7/Compunet_2/TareaRest/tarea-rest-webones/src/main/java/com/gestion/academica/model/User.java
2026.05.06 11:56:48 WARN  no build target for: /Users/luiscadena/Documents/Universidad/semestre7/Compunet_2/TareaRest/tarea-rest-webones/src/main/java/com/gestion/academica/model/Role.java
2026.05.06 11:56:48 WARN  no build target for: /Users/luiscadena/Documents/Universidad/semestre7/Compunet_2/TareaRest/tarea-rest-webones/src/main/java/com/gestion/academica/repository/CourseRepository.java
2026.05.06 11:56:48 INFO  no build target found for /Users/luiscadena/Documents/Universidad/semestre7/Compunet_2/TareaRest/tarea-rest-webones/src/main/java/com/gestion/academica/model/Role.java. Using fallback presentation compiler.
2026.05.06 11:56:48 INFO  no build target found for /Users/luiscadena/Documents/Universidad/semestre7/Compunet_2/TareaRest/tarea-rest-webones/src/main/java/com/gestion/academica/model/Role.java. Using fallback presentation compiler.
2026.05.06 11:56:49 INFO  time: code lens generation in 1.26s
2026.05.06 11:56:49 INFO  time: code lens generation in 1.45s
2026.05.06 11:56:50 WARN  no build target for: /Users/luiscadena/Documents/Universidad/semestre7/Compunet_2/TareaRest/tarea-rest-webones/src/main/java/com/gestion/academica/dto/UserDto.java
2026.05.06 11:56:50 INFO  no build target found for /Users/luiscadena/Documents/Universidad/semestre7/Compunet_2/TareaRest/tarea-rest-webones/src/main/java/com/gestion/academica/model/Role.java. Using fallback presentation compiler.
2026.05.06 11:56:52 WARN  no build target for: /Users/luiscadena/Documents/Universidad/semestre7/Compunet_2/TareaRest/tarea-rest-webones/src/main/java/com/gestion/academica/dto/CourseDto.java
2026.05.06 11:56:52 INFO  no build target found for /Users/luiscadena/Documents/Universidad/semestre7/Compunet_2/TareaRest/tarea-rest-webones/src/main/java/com/gestion/academica/model/Role.java. Using fallback presentation compiler.
2026.05.06 11:56:54 WARN  no build target for: /Users/luiscadena/Documents/Universidad/semestre7/Compunet_2/TareaRest/tarea-rest-webones/src/main/java/com/gestion/academica/dto/ActivityDto.java
2026.05.06 11:56:54 INFO  no build target found for /Users/luiscadena/Documents/Universidad/semestre7/Compunet_2/TareaRest/tarea-rest-webones/src/main/java/com/gestion/academica/model/Role.java. Using fallback presentation compiler.
2026.05.06 11:56:56 WARN  no build target for: /Users/luiscadena/Documents/Universidad/semestre7/Compunet_2/TareaRest/tarea-rest-webones/src/main/java/com/gestion/academica/dto/SubmissionDto.java
2026.05.06 11:56:56 INFO  no build target found for /Users/luiscadena/Documents/Universidad/semestre7/Compunet_2/TareaRest/tarea-rest-webones/src/main/java/com/gestion/academica/model/Role.java. Using fallback presentation compiler.
2026.05.06 11:56:58 WARN  no build target for: /Users/luiscadena/Documents/Universidad/semestre7/Compunet_2/TareaRest/tarea-rest-webones/src/main/java/com/gestion/academica/dto/GradeSubmissionDto.java
2026.05.06 11:56:58 INFO  no build target found for /Users/luiscadena/Documents/Universidad/semestre7/Compunet_2/TareaRest/tarea-rest-webones/src/main/java/com/gestion/academica/model/Role.java. Using fallback presentation compiler.
2026.05.06 11:57:13 WARN  no build target for: /Users/luiscadena/Documents/Universidad/semestre7/Compunet_2/TareaRest/tarea-rest-webones/src/main/java/com/gestion/academica/mapper/UserMapper.java
2026.05.06 11:57:13 INFO  no build target found for /Users/luiscadena/Documents/Universidad/semestre7/Compunet_2/TareaRest/tarea-rest-webones/src/main/java/com/gestion/academica/model/Role.java. Using fallback presentation compiler.
2026.05.06 11:57:14 WARN  no build target for: /Users/luiscadena/Documents/Universidad/semestre7/Compunet_2/TareaRest/tarea-rest-webones/src/main/java/com/gestion/academica/mapper/CourseMapper.java
2026.05.06 11:57:14 INFO  no build target found for /Users/luiscadena/Documents/Universidad/semestre7/Compunet_2/TareaRest/tarea-rest-webones/src/main/java/com/gestion/academica/model/Role.java. Using fallback presentation compiler.
2026.05.06 11:57:16 WARN  no build target for: /Users/luiscadena/Documents/Universidad/semestre7/Compunet_2/TareaRest/tarea-rest-webones/src/main/java/com/gestion/academica/mapper/ActivityMapper.java
2026.05.06 11:57:16 INFO  no build target found for /Users/luiscadena/Documents/Universidad/semestre7/Compunet_2/TareaRest/tarea-rest-webones/src/main/java/com/gestion/academica/model/Role.java. Using fallback presentation compiler.
2026.05.06 11:57:19 WARN  no build target for: /Users/luiscadena/Documents/Universidad/semestre7/Compunet_2/TareaRest/tarea-rest-webones/src/main/java/com/gestion/academica/mapper/SubmissionMapper.java
2026.05.06 11:57:19 INFO  no build target found for /Users/luiscadena/Documents/Universidad/semestre7/Compunet_2/TareaRest/tarea-rest-webones/src/main/java/com/gestion/academica/model/Role.java. Using fallback presentation compiler.
2026.05.06 11:57:39 WARN  no build target for: /Users/luiscadena/Documents/Universidad/semestre7/Compunet_2/TareaRest/tarea-rest-webones/src/main/java/com/gestion/academica/exception/GlobalExceptionHandler.java
2026.05.06 11:57:39 INFO  no build target found for /Users/luiscadena/Documents/Universidad/semestre7/Compunet_2/TareaRest/tarea-rest-webones/src/main/java/com/gestion/academica/model/Role.java. Using fallback presentation compiler.
2026.05.06 11:57:44 WARN  no build target for: /Users/luiscadena/Documents/Universidad/semestre7/Compunet_2/TareaRest/tarea-rest-webones/src/main/java/com/gestion/academica/service/CourseService.java
2026.05.06 11:57:44 INFO  no build target found for /Users/luiscadena/Documents/Universidad/semestre7/Compunet_2/TareaRest/tarea-rest-webones/src/main/java/com/gestion/academica/model/Role.java. Using fallback presentation compiler.
2026.05.06 11:57:46 WARN  no build target for: /Users/luiscadena/Documents/Universidad/semestre7/Compunet_2/TareaRest/tarea-rest-webones/src/main/java/com/gestion/academica/service/ActivityService.java
2026.05.06 11:57:46 INFO  no build target found for /Users/luiscadena/Documents/Universidad/semestre7/Compunet_2/TareaRest/tarea-rest-webones/src/main/java/com/gestion/academica/model/Role.java. Using fallback presentation compiler.
2026.05.06 11:57:48 WARN  no build target for: /Users/luiscadena/Documents/Universidad/semestre7/Compunet_2/TareaRest/tarea-rest-webones/src/main/java/com/gestion/academica/service/SubmissionService.java
2026.05.06 11:57:48 INFO  no build target found for /Users/luiscadena/Documents/Universidad/semestre7/Compunet_2/TareaRest/tarea-rest-webones/src/main/java/com/gestion/academica/model/Role.java. Using fallback presentation compiler.
2026.05.06 11:58:07 WARN  no build target for: /Users/luiscadena/Documents/Universidad/semestre7/Compunet_2/TareaRest/tarea-rest-webones/src/main/java/com/gestion/academica/controller/CourseController.java
2026.05.06 11:58:07 INFO  no build target found for /Users/luiscadena/Documents/Universidad/semestre7/Compunet_2/TareaRest/tarea-rest-webones/src/main/java/com/gestion/academica/model/Role.java. Using fallback presentation compiler.
2026.05.06 11:58:08 WARN  no build target for: /Users/luiscadena/Documents/Universidad/semestre7/Compunet_2/TareaRest/tarea-rest-webones/src/main/java/com/gestion/academica/controller/ActivityController.java
2026.05.06 11:58:08 INFO  no build target found for /Users/luiscadena/Documents/Universidad/semestre7/Compunet_2/TareaRest/tarea-rest-webones/src/main/java/com/gestion/academica/model/Role.java. Using fallback presentation compiler.
2026.05.06 11:58:11 WARN  no build target for: /Users/luiscadena/Documents/Universidad/semestre7/Compunet_2/TareaRest/tarea-rest-webones/src/main/java/com/gestion/academica/controller/SubmissionController.java
2026.05.06 11:58:11 INFO  no build target found for /Users/luiscadena/Documents/Universidad/semestre7/Compunet_2/TareaRest/tarea-rest-webones/src/main/java/com/gestion/academica/model/Role.java. Using fallback presentation compiler.
2026.05.06 11:58:23 WARN  no build target for: /Users/luiscadena/Documents/Universidad/semestre7/Compunet_2/TareaRest/tarea-rest-webones/src/main/java/com/gestion/academica/dto/AuthRequest.java
2026.05.06 11:58:23 INFO  no build target found for /Users/luiscadena/Documents/Universidad/semestre7/Compunet_2/TareaRest/tarea-rest-webones/src/main/java/com/gestion/academica/model/Role.java. Using fallback presentation compiler.
2026.05.06 11:58:28 WARN  no build target for: /Users/luiscadena/Documents/Universidad/semestre7/Compunet_2/TareaRest/tarea-rest-webones/src/main/java/com/gestion/academica/dto/AuthResponse.java
2026.05.06 11:58:28 INFO  no build target found for /Users/luiscadena/Documents/Universidad/semestre7/Compunet_2/TareaRest/tarea-rest-webones/src/main/java/com/gestion/academica/model/Role.java. Using fallback presentation compiler.
2026.05.06 11:58:30 WARN  no build target for: /Users/luiscadena/Documents/Universidad/semestre7/Compunet_2/TareaRest/tarea-rest-webones/src/main/java/com/gestion/academica/security/UserDetailsServiceImpl.java
2026.05.06 11:58:30 INFO  no build target found for /Users/luiscadena/Documents/Universidad/semestre7/Compunet_2/TareaRest/tarea-rest-webones/src/main/java/com/gestion/academica/model/Role.java. Using fallback presentation compiler.
2026.05.06 11:58:32 WARN  no build target for: /Users/luiscadena/Documents/Universidad/semestre7/Compunet_2/TareaRest/tarea-rest-webones/src/main/java/com/gestion/academica/security/JwtService.java
2026.05.06 11:58:32 INFO  no build target found for /Users/luiscadena/Documents/Universidad/semestre7/Compunet_2/TareaRest/tarea-rest-webones/src/main/java/com/gestion/academica/model/Role.java. Using fallback presentation compiler.
2026.05.06 11:58:52 WARN  no build target for: /Users/luiscadena/Documents/Universidad/semestre7/Compunet_2/TareaRest/tarea-rest-webones/src/main/java/com/gestion/academica/security/JwtAuthenticationFilter.java
2026.05.06 11:58:52 INFO  no build target found for /Users/luiscadena/Documents/Universidad/semestre7/Compunet_2/TareaRest/tarea-rest-webones/src/main/java/com/gestion/academica/model/Role.java. Using fallback presentation compiler.
2026.05.06 11:58:54 WARN  no build target for: /Users/luiscadena/Documents/Universidad/semestre7/Compunet_2/TareaRest/tarea-rest-webones/src/main/java/com/gestion/academica/security/SecurityConfig.java
2026.05.06 11:58:54 INFO  no build target found for /Users/luiscadena/Documents/Universidad/semestre7/Compunet_2/TareaRest/tarea-rest-webones/src/main/java/com/gestion/academica/model/Role.java. Using fallback presentation compiler.
2026.05.06 11:58:56 WARN  no build target for: /Users/luiscadena/Documents/Universidad/semestre7/Compunet_2/TareaRest/tarea-rest-webones/src/main/java/com/gestion/academica/controller/AuthController.java
2026.05.06 11:58:56 INFO  no build target found for /Users/luiscadena/Documents/Universidad/semestre7/Compunet_2/TareaRest/tarea-rest-webones/src/main/java/com/gestion/academica/model/Role.java. Using fallback presentation compiler.
2026.05.06 11:59:11 WARN  no build target for: /Users/luiscadena/Documents/Universidad/semestre7/Compunet_2/TareaRest/tarea-rest-webones/src/main/java/com/gestion/academica/config/DataInitializer.java
2026.05.06 11:59:11 INFO  no build target found for /Users/luiscadena/Documents/Universidad/semestre7/Compunet_2/TareaRest/tarea-rest-webones/src/main/java/com/gestion/academica/model/Role.java. Using fallback presentation compiler.
2026.05.06 11:59:15 INFO  no build target found for /Users/luiscadena/Documents/Universidad/semestre7/Compunet_2/TareaRest/tarea-rest-webones/src/main/java/com/gestion/academica/model/User.java. Using fallback presentation compiler.
2026.05.06 11:59:17 INFO  no build target found for /Users/luiscadena/Documents/Universidad/semestre7/Compunet_2/TareaRest/tarea-rest-webones/src/main/java/com/gestion/academica/model/Course.java. Using fallback presentation compiler.
2026.05.06 11:59:19 INFO  no build target found for /Users/luiscadena/Documents/Universidad/semestre7/Compunet_2/TareaRest/tarea-rest-webones/src/main/java/com/gestion/academica/model/Activity.java. Using fallback presentation compiler.
2026.05.06 11:59:21 INFO  no build target found for /Users/luiscadena/Documents/Universidad/semestre7/Compunet_2/TareaRest/tarea-rest-webones/src/main/java/com/gestion/academica/model/Submission.java. Using fallback presentation compiler.
2026.05.06 11:59:32 INFO  no build target found for /Users/luiscadena/Documents/Universidad/semestre7/Compunet_2/TareaRest/tarea-rest-webones/src/main/java/com/gestion/academica/repository/UserRepository.java. Using fallback presentation compiler.
2026.05.06 11:59:34 INFO  no build target found for /Users/luiscadena/Documents/Universidad/semestre7/Compunet_2/TareaRest/tarea-rest-webones/src/main/java/com/gestion/academica/repository/CourseRepository.java. Using fallback presentation compiler.
2026.05.06 11:59:36 INFO  no build target found for /Users/luiscadena/Documents/Universidad/semestre7/Compunet_2/TareaRest/tarea-rest-webones/src/main/java/com/gestion/academica/repository/ActivityRepository.java. Using fallback presentation compiler.
2026.05.06 11:59:38 INFO  no build target found for /Users/luiscadena/Documents/Universidad/semestre7/Compunet_2/TareaRest/tarea-rest-webones/src/main/java/com/gestion/academica/repository/SubmissionRepository.java. Using fallback presentation compiler.
2026.05.06 11:59:51 INFO  no build target found for /Users/luiscadena/Documents/Universidad/semestre7/Compunet_2/TareaRest/tarea-rest-webones/src/main/java/com/gestion/academica/dto/UserDto.java. Using fallback presentation compiler.
2026.05.06 11:59:53 INFO  no build target found for /Users/luiscadena/Documents/Universidad/semestre7/Compunet_2/TareaRest/tarea-rest-webones/src/main/java/com/gestion/academica/dto/CourseDto.java. Using fallback presentation compiler.
2026.05.06 11:59:55 INFO  no build target found for /Users/luiscadena/Documents/Universidad/semestre7/Compunet_2/TareaRest/tarea-rest-webones/src/main/java/com/gestion/academica/dto/ActivityDto.java. Using fallback presentation compiler.
2026.05.06 11:59:57 INFO  no build target found for /Users/luiscadena/Documents/Universidad/semestre7/Compunet_2/TareaRest/tarea-rest-webones/src/main/java/com/gestion/academica/dto/SubmissionDto.java. Using fallback presentation compiler.
2026.05.06 11:59:59 INFO  no build target found for /Users/luiscadena/Documents/Universidad/semestre7/Compunet_2/TareaRest/tarea-rest-webones/src/main/java/com/gestion/academica/dto/GradeSubmissionDto.java. Using fallback presentation compiler.
2026.05.06 12:00:14 INFO  no build target found for /Users/luiscadena/Documents/Universidad/semestre7/Compunet_2/TareaRest/tarea-rest-webones/src/main/java/com/gestion/academica/mapper/UserMapper.java. Using fallback presentation compiler.
2026.05.06 12:00:14 INFO  no build target found for /Users/luiscadena/Documents/Universidad/semestre7/Compunet_2/TareaRest/tarea-rest-webones/src/main/java/com/gestion/academica/mapper/CourseMapper.java. Using fallback presentation compiler.
2026.05.06 12:00:17 INFO  no build target found for /Users/luiscadena/Documents/Universidad/semestre7/Compunet_2/TareaRest/tarea-rest-webones/src/main/java/com/gestion/academica/mapper/ActivityMapper.java. Using fallback presentation compiler.
2026.05.06 12:00:19 INFO  no build target found for /Users/luiscadena/Documents/Universidad/semestre7/Compunet_2/TareaRest/tarea-rest-webones/src/main/java/com/gestion/academica/mapper/SubmissionMapper.java. Using fallback presentation compiler.
2026.05.06 12:00:39 INFO  no build target found for /Users/luiscadena/Documents/Universidad/semestre7/Compunet_2/TareaRest/tarea-rest-webones/src/main/java/com/gestion/academica/exception/GlobalExceptionHandler.java. Using fallback presentation compiler.
2026.05.06 12:00:44 INFO  no build target found for /Users/luiscadena/Documents/Universidad/semestre7/Compunet_2/TareaRest/tarea-rest-webones/src/main/java/com/gestion/academica/service/CourseService.java. Using fallback presentation compiler.
2026.05.06 12:00:46 INFO  no build target found for /Users/luiscadena/Documents/Universidad/semestre7/Compunet_2/TareaRest/tarea-rest-webones/src/main/java/com/gestion/academica/service/ActivityService.java. Using fallback presentation compiler.
2026.05.06 12:00:48 INFO  no build target found for /Users/luiscadena/Documents/Universidad/semestre7/Compunet_2/TareaRest/tarea-rest-webones/src/main/java/com/gestion/academica/service/SubmissionService.java. Using fallback presentation compiler.
2026.05.06 12:01:07 INFO  no build target found for /Users/luiscadena/Documents/Universidad/semestre7/Compunet_2/TareaRest/tarea-rest-webones/src/main/java/com/gestion/academica/controller/CourseController.java. Using fallback presentation compiler.
2026.05.06 12:01:08 INFO  no build target found for /Users/luiscadena/Documents/Universidad/semestre7/Compunet_2/TareaRest/tarea-rest-webones/src/main/java/com/gestion/academica/controller/ActivityController.java. Using fallback presentation compiler.
2026.05.06 12:01:11 INFO  no build target found for /Users/luiscadena/Documents/Universidad/semestre7/Compunet_2/TareaRest/tarea-rest-webones/src/main/java/com/gestion/academica/controller/SubmissionController.java. Using fallback presentation compiler.
2026.05.06 12:01:23 INFO  no build target found for /Users/luiscadena/Documents/Universidad/semestre7/Compunet_2/TareaRest/tarea-rest-webones/src/main/java/com/gestion/academica/dto/AuthRequest.java. Using fallback presentation compiler.
2026.05.06 12:01:28 INFO  no build target found for /Users/luiscadena/Documents/Universidad/semestre7/Compunet_2/TareaRest/tarea-rest-webones/src/main/java/com/gestion/academica/dto/AuthResponse.java. Using fallback presentation compiler.
2026.05.06 12:01:30 INFO  no build target found for /Users/luiscadena/Documents/Universidad/semestre7/Compunet_2/TareaRest/tarea-rest-webones/src/main/java/com/gestion/academica/security/UserDetailsServiceImpl.java. Using fallback presentation compiler.
2026.05.06 12:01:32 INFO  no build target found for /Users/luiscadena/Documents/Universidad/semestre7/Compunet_2/TareaRest/tarea-rest-webones/src/main/java/com/gestion/academica/security/JwtService.java. Using fallback presentation compiler.
2026.05.06 12:01:52 INFO  no build target found for /Users/luiscadena/Documents/Universidad/semestre7/Compunet_2/TareaRest/tarea-rest-webones/src/main/java/com/gestion/academica/security/JwtAuthenticationFilter.java. Using fallback presentation compiler.
2026.05.06 12:01:54 INFO  no build target found for /Users/luiscadena/Documents/Universidad/semestre7/Compunet_2/TareaRest/tarea-rest-webones/src/main/java/com/gestion/academica/security/SecurityConfig.java. Using fallback presentation compiler.
2026.05.06 12:01:56 INFO  no build target found for /Users/luiscadena/Documents/Universidad/semestre7/Compunet_2/TareaRest/tarea-rest-webones/src/main/java/com/gestion/academica/controller/AuthController.java. Using fallback presentation compiler.
2026.05.06 12:02:10 WARN  no build target for: /Users/luiscadena/Documents/Universidad/semestre7/Compunet_2/TareaRest/tarea-rest-webones/src/main/java/com/gestion/academica/exception/GlobalExceptionHandler.java
2026.05.06 12:02:10 INFO  no build target found for /Users/luiscadena/Documents/Universidad/semestre7/Compunet_2/TareaRest/tarea-rest-webones/src/main/java/com/gestion/academica/model/Role.java. Using fallback presentation compiler.
2026.05.06 12:02:11 INFO  no build target found for /Users/luiscadena/Documents/Universidad/semestre7/Compunet_2/TareaRest/tarea-rest-webones/src/main/java/com/gestion/academica/config/DataInitializer.java. Using fallback presentation compiler.
2026.05.06 12:02:48 WARN  no build target for: /Users/luiscadena/Documents/Universidad/semestre7/Compunet_2/TareaRest/tarea-rest-webones/src/main/java/com/gestion/academica/repository/UserRepository.java
2026.05.06 12:02:48 WARN  no build target for: /Users/luiscadena/Documents/Universidad/semestre7/Compunet_2/TareaRest/tarea-rest-webones/src/main/java/com/gestion/academica/repository/CourseRepository.java
2026.05.06 12:02:48 WARN  no build target for: /Users/luiscadena/Documents/Universidad/semestre7/Compunet_2/TareaRest/tarea-rest-webones/src/main/java/com/gestion/academica/repository/ActivityRepository.java
2026.05.06 12:02:48 WARN  no build target for: /Users/luiscadena/Documents/Universidad/semestre7/Compunet_2/TareaRest/tarea-rest-webones/src/main/java/com/gestion/academica/repository/SubmissionRepository.java
2026.05.06 12:02:48 WARN  no build target for: /Users/luiscadena/Documents/Universidad/semestre7/Compunet_2/TareaRest/tarea-rest-webones/src/main/java/com/gestion/academica/dto/UserDto.java
2026.05.06 12:02:48 WARN  no build target for: /Users/luiscadena/Documents/Universidad/semestre7/Compunet_2/TareaRest/tarea-rest-webones/src/main/java/com/gestion/academica/dto/CourseDto.java
2026.05.06 12:02:48 WARN  no build target for: /Users/luiscadena/Documents/Universidad/semestre7/Compunet_2/TareaRest/tarea-rest-webones/src/main/java/com/gestion/academica/model/User.java
2026.05.06 12:02:48 WARN  no build target for: /Users/luiscadena/Documents/Universidad/semestre7/Compunet_2/TareaRest/tarea-rest-webones/src/main/java/com/gestion/academica/dto/ActivityDto.java
2026.05.06 12:02:48 WARN  no build target for: /Users/luiscadena/Documents/Universidad/semestre7/Compunet_2/TareaRest/tarea-rest-webones/src/main/java/com/gestion/academica/dto/GradeSubmissionDto.java
2026.05.06 12:02:48 WARN  no build target for: /Users/luiscadena/Documents/Universidad/semestre7/Compunet_2/TareaRest/tarea-rest-webones/src/main/java/com/gestion/academica/dto/SubmissionDto.java
2026.05.06 12:02:48 WARN  no build target for: /Users/luiscadena/Documents/Universidad/semestre7/Compunet_2/TareaRest/tarea-rest-webones/src/main/java/com/gestion/academica/mapper/UserMapper.java
2026.05.06 12:02:48 WARN  no build target for: /Users/luiscadena/Documents/Universidad/semestre7/Compunet_2/TareaRest/tarea-rest-webones/src/main/java/com/gestion/academica/mapper/CourseMapper.java
2026.05.06 12:02:48 WARN  no build target for: /Users/luiscadena/Documents/Universidad/semestre7/Compunet_2/TareaRest/tarea-rest-webones/src/main/java/com/gestion/academica/model/Course.java
2026.05.06 12:02:48 WARN  no build target for: /Users/luiscadena/Documents/Universidad/semestre7/Compunet_2/TareaRest/tarea-rest-webones/src/main/java/com/gestion/academica/dto/AuthRequest.java
2026.05.06 12:02:48 WARN  no build target for: /Users/luiscadena/Documents/Universidad/semestre7/Compunet_2/TareaRest/tarea-rest-webones/src/main/java/com/gestion/academica/dto/AuthResponse.java
2026.05.06 12:02:48 WARN  no build target for: /Users/luiscadena/Documents/Universidad/semestre7/Compunet_2/TareaRest/tarea-rest-webones/src/main/java/com/gestion/academica/model/Activity.java
2026.05.06 12:02:48 WARN  no build target for: /Users/luiscadena/Documents/Universidad/semestre7/Compunet_2/TareaRest/tarea-rest-webones/src/main/java/com/gestion/academica/model/Submission.java
2026.05.06 12:02:48 WARN  no build target for: /Users/luiscadena/Documents/Universidad/semestre7/Compunet_2/TareaRest/tarea-rest-webones/src/main/java/com/gestion/academica/mapper/SubmissionMapper.java
2026.05.06 12:02:48 WARN  no build target for: /Users/luiscadena/Documents/Universidad/semestre7/Compunet_2/TareaRest/tarea-rest-webones/src/main/java/com/gestion/academica/mapper/ActivityMapper.java
2026.05.06 12:02:48 WARN  no build target for: /Users/luiscadena/Documents/Universidad/semestre7/Compunet_2/TareaRest/tarea-rest-webones/src/main/java/com/gestion/academica/service/CourseService.java
2026.05.06 12:02:48 WARN  no build target for: /Users/luiscadena/Documents/Universidad/semestre7/Compunet_2/TareaRest/tarea-rest-webones/src/main/java/com/gestion/academica/service/SubmissionService.java
2026.05.06 12:02:48 WARN  no build target for: /Users/luiscadena/Documents/Universidad/semestre7/Compunet_2/TareaRest/tarea-rest-webones/src/main/java/com/gestion/academica/service/ActivityService.java
2026.05.06 12:02:48 WARN  no build target for: /Users/luiscadena/Documents/Universidad/semestre7/Compunet_2/TareaRest/tarea-rest-webones/src/main/java/com/gestion/academica/controller/ActivityController.java
2026.05.06 12:02:48 WARN  no build target for: /Users/luiscadena/Documents/Universidad/semestre7/Compunet_2/TareaRest/tarea-rest-webones/src/main/java/com/gestion/academica/controller/CourseController.java
2026.05.06 12:02:48 WARN  no build target for: /Users/luiscadena/Documents/Universidad/semestre7/Compunet_2/TareaRest/tarea-rest-webones/src/main/java/com/gestion/academica/controller/SubmissionController.java
2026.05.06 12:02:48 WARN  no build target for: /Users/luiscadena/Documents/Universidad/semestre7/Compunet_2/TareaRest/tarea-rest-webones/src/main/java/com/gestion/academica/security/JwtService.java
2026.05.06 12:02:48 WARN  no build target for: /Users/luiscadena/Documents/Universidad/semestre7/Compunet_2/TareaRest/tarea-rest-webones/src/main/java/com/gestion/academica/security/UserDetailsServiceImpl.java
2026.05.06 12:02:48 WARN  no build target for: /Users/luiscadena/Documents/Universidad/semestre7/Compunet_2/TareaRest/tarea-rest-webones/src/main/java/com/gestion/academica/controller/AuthController.java
2026.05.06 12:02:48 WARN  no build target for: /Users/luiscadena/Documents/Universidad/semestre7/Compunet_2/TareaRest/tarea-rest-webones/src/main/java/com/gestion/academica/security/JwtAuthenticationFilter.java
2026.05.06 12:02:48 WARN  no build target for: /Users/luiscadena/Documents/Universidad/semestre7/Compunet_2/TareaRest/tarea-rest-webones/src/main/java/com/gestion/academica/security/SecurityConfig.java
2026.05.06 12:02:48 WARN  no build target for: /Users/luiscadena/Documents/Universidad/semestre7/Compunet_2/TareaRest/tarea-rest-webones/src/main/java/com/gestion/academica/config/DataInitializer.java
2026.05.06 12:02:48 INFO  no build target found for /Users/luiscadena/Documents/Universidad/semestre7/Compunet_2/TareaRest/tarea-rest-webones/src/main/java/com/gestion/academica/model/Role.java. Using fallback presentation compiler.
2026.05.06 12:02:49 INFO  no build target found for /Users/luiscadena/Documents/Universidad/semestre7/Compunet_2/TareaRest/tarea-rest-webones/src/main/java/com/gestion/academica/model/Role.java. Using fallback presentation compiler.
2026.05.06 12:02:52 INFO  no build target found for /Users/luiscadena/Documents/Universidad/semestre7/Compunet_2/TareaRest/tarea-rest-webones/src/main/java/com/gestion/academica/model/Role.java. Using fallback presentation compiler.
May 06, 2026 12:02:52 P.M. org.eclipse.lsp4j.jsonrpc.RemoteEndpoint handleCancellation
WARNING: Unmatched cancel notification for request id 44
2026.05.06 12:02:54 INFO  time: code lens generation in 1.58s
2026.05.06 12:03:08 WARN  no build target for: /Users/luiscadena/Documents/Universidad/semestre7/Compunet_2/TareaRest/tarea-rest-webones/src/main/java/com/gestion/academica/dto/ActivityDto.java
2026.05.06 12:03:08 INFO  no build target found for /Users/luiscadena/Documents/Universidad/semestre7/Compunet_2/TareaRest/tarea-rest-webones/src/main/java/com/gestion/academica/dto/ActivityDto.java. Using fallback presentation compiler.
2026.05.06 12:03:08 INFO  no build target found for /Users/luiscadena/Documents/Universidad/semestre7/Compunet_2/TareaRest/tarea-rest-webones/src/main/java/com/gestion/academica/dto/ActivityDto.java. Using fallback presentation compiler.
2026.05.06 12:03:49 INFO  no build target found for /Users/luiscadena/Documents/Universidad/semestre7/Compunet_2/TareaRest/tarea-rest-webones/src/main/java/com/gestion/academica/dto/ActivityDto.java. Using fallback presentation compiler.
2026.05.06 12:05:10 INFO  no build target found for /Users/luiscadena/Documents/Universidad/semestre7/Compunet_2/TareaRest/tarea-rest-webones/src/main/java/com/gestion/academica/exception/GlobalExceptionHandler.java. Using fallback presentation compiler.
2026.05.06 12:05:48 INFO  no build target found for /Users/luiscadena/Documents/Universidad/semestre7/Compunet_2/TareaRest/tarea-rest-webones/src/main/java/com/gestion/academica/repository/UserRepository.java. Using fallback presentation compiler.
2026.05.06 12:05:48 INFO  no build target found for /Users/luiscadena/Documents/Universidad/semestre7/Compunet_2/TareaRest/tarea-rest-webones/src/main/java/com/gestion/academica/repository/CourseRepository.java. Using fallback presentation compiler.
2026.05.06 12:05:48 INFO  no build target found for /Users/luiscadena/Documents/Universidad/semestre7/Compunet_2/TareaRest/tarea-rest-webones/src/main/java/com/gestion/academica/repository/ActivityRepository.java. Using fallback presentation compiler.
2026.05.06 12:05:48 INFO  no build target found for /Users/luiscadena/Documents/Universidad/semestre7/Compunet_2/TareaRest/tarea-rest-webones/src/main/java/com/gestion/academica/repository/SubmissionRepository.java. Using fallback presentation compiler.
2026.05.06 12:05:48 INFO  no build target found for /Users/luiscadena/Documents/Universidad/semestre7/Compunet_2/TareaRest/tarea-rest-webones/src/main/java/com/gestion/academica/dto/UserDto.java. Using fallback presentation compiler.
2026.05.06 12:05:48 INFO  no build target found for /Users/luiscadena/Documents/Universidad/semestre7/Compunet_2/TareaRest/tarea-rest-webones/src/main/java/com/gestion/academica/dto/CourseDto.java. Using fallback presentation compiler.
2026.05.06 12:05:48 INFO  no build target found for /Users/luiscadena/Documents/Universidad/semestre7/Compunet_2/TareaRest/tarea-rest-webones/src/main/java/com/gestion/academica/model/User.java. Using fallback presentation compiler.
2026.05.06 12:05:48 INFO  no build target found for /Users/luiscadena/Documents/Universidad/semestre7/Compunet_2/TareaRest/tarea-rest-webones/src/main/java/com/gestion/academica/dto/GradeSubmissionDto.java. Using fallback presentation compiler.
2026.05.06 12:05:48 INFO  no build target found for /Users/luiscadena/Documents/Universidad/semestre7/Compunet_2/TareaRest/tarea-rest-webones/src/main/java/com/gestion/academica/dto/SubmissionDto.java. Using fallback presentation compiler.
2026.05.06 12:05:48 INFO  no build target found for /Users/luiscadena/Documents/Universidad/semestre7/Compunet_2/TareaRest/tarea-rest-webones/src/main/java/com/gestion/academica/mapper/UserMapper.java. Using fallback presentation compiler.
2026.05.06 12:05:48 INFO  no build target found for /Users/luiscadena/Documents/Universidad/semestre7/Compunet_2/TareaRest/tarea-rest-webones/src/main/java/com/gestion/academica/mapper/CourseMapper.java. Using fallback presentation compiler.
2026.05.06 12:05:48 INFO  no build target found for /Users/luiscadena/Documents/Universidad/semestre7/Compunet_2/TareaRest/tarea-rest-webones/src/main/java/com/gestion/academica/model/Course.java. Using fallback presentation compiler.
2026.05.06 12:05:48 INFO  no build target found for /Users/luiscadena/Documents/Universidad/semestre7/Compunet_2/TareaRest/tarea-rest-webones/src/main/java/com/gestion/academica/dto/AuthRequest.java. Using fallback presentation compiler.
2026.05.06 12:05:48 INFO  no build target found for /Users/luiscadena/Documents/Universidad/semestre7/Compunet_2/TareaRest/tarea-rest-webones/src/main/java/com/gestion/academica/dto/AuthResponse.java. Using fallback presentation compiler.
2026.05.06 12:05:48 INFO  no build target found for /Users/luiscadena/Documents/Universidad/semestre7/Compunet_2/TareaRest/tarea-rest-webones/src/main/java/com/gestion/academica/model/Activity.java. Using fallback presentation compiler.
2026.05.06 12:05:48 INFO  no build target found for /Users/luiscadena/Documents/Universidad/semestre7/Compunet_2/TareaRest/tarea-rest-webones/src/main/java/com/gestion/academica/model/Submission.java. Using fallback presentation compiler.
2026.05.06 12:05:48 INFO  no build target found for /Users/luiscadena/Documents/Universidad/semestre7/Compunet_2/TareaRest/tarea-rest-webones/src/main/java/com/gestion/academica/mapper/SubmissionMapper.java. Using fallback presentation compiler.
2026.05.06 12:05:48 INFO  no build target found for /Users/luiscadena/Documents/Universidad/semestre7/Compunet_2/TareaRest/tarea-rest-webones/src/main/java/com/gestion/academica/mapper/ActivityMapper.java. Using fallback presentation compiler.
2026.05.06 12:05:48 INFO  no build target found for /Users/luiscadena/Documents/Universidad/semestre7/Compunet_2/TareaRest/tarea-rest-webones/src/main/java/com/gestion/academica/service/CourseService.java. Using fallback presentation compiler.
2026.05.06 12:05:48 INFO  no build target found for /Users/luiscadena/Documents/Universidad/semestre7/Compunet_2/TareaRest/tarea-rest-webones/src/main/java/com/gestion/academica/service/SubmissionService.java. Using fallback presentation compiler.
2026.05.06 12:05:48 INFO  no build target found for /Users/luiscadena/Documents/Universidad/semestre7/Compunet_2/TareaRest/tarea-rest-webones/src/main/java/com/gestion/academica/service/ActivityService.java. Using fallback presentation compiler.
2026.05.06 12:05:48 INFO  no build target found for /Users/luiscadena/Documents/Universidad/semestre7/Compunet_2/TareaRest/tarea-rest-webones/src/main/java/com/gestion/academica/controller/ActivityController.java. Using fallback presentation compiler.
2026.05.06 12:05:48 INFO  no build target found for /Users/luiscadena/Documents/Universidad/semestre7/Compunet_2/TareaRest/tarea-rest-webones/src/main/java/com/gestion/academica/controller/CourseController.java. Using fallback presentation compiler.
2026.05.06 12:05:48 INFO  no build target found for /Users/luiscadena/Documents/Universidad/semestre7/Compunet_2/TareaRest/tarea-rest-webones/src/main/java/com/gestion/academica/controller/SubmissionController.java. Using fallback presentation compiler.
2026.05.06 12:05:48 INFO  no build target found for /Users/luiscadena/Documents/Universidad/semestre7/Compunet_2/TareaRest/tarea-rest-webones/src/main/java/com/gestion/academica/security/JwtService.java. Using fallback presentation compiler.
2026.05.06 12:05:48 INFO  no build target found for /Users/luiscadena/Documents/Universidad/semestre7/Compunet_2/TareaRest/tarea-rest-webones/src/main/java/com/gestion/academica/security/UserDetailsServiceImpl.java. Using fallback presentation compiler.
2026.05.06 12:05:48 INFO  no build target found for /Users/luiscadena/Documents/Universidad/semestre7/Compunet_2/TareaRest/tarea-rest-webones/src/main/java/com/gestion/academica/controller/AuthController.java. Using fallback presentation compiler.
2026.05.06 12:05:48 INFO  no build target found for /Users/luiscadena/Documents/Universidad/semestre7/Compunet_2/TareaRest/tarea-rest-webones/src/main/java/com/gestion/academica/security/JwtAuthenticationFilter.java. Using fallback presentation compiler.
2026.05.06 12:05:48 INFO  no build target found for /Users/luiscadena/Documents/Universidad/semestre7/Compunet_2/TareaRest/tarea-rest-webones/src/main/java/com/gestion/academica/security/SecurityConfig.java. Using fallback presentation compiler.
2026.05.06 12:05:48 INFO  no build target found for /Users/luiscadena/Documents/Universidad/semestre7/Compunet_2/TareaRest/tarea-rest-webones/src/main/java/com/gestion/academica/config/DataInitializer.java. Using fallback presentation compiler.
2026.05.06 12:12:48 WARN  no build target for: /Users/luiscadena/Documents/Universidad/semestre7/Compunet_2/TareaRest/tarea-rest-webones/src/main/java/com/gestion/academica/controller/ActivityController.java
2026.05.06 12:12:48 INFO  no build target found for /Users/luiscadena/Documents/Universidad/semestre7/Compunet_2/TareaRest/tarea-rest-webones/src/main/java/com/gestion/academica/controller/ActivityController.java. Using fallback presentation compiler.
2026.05.06 12:12:49 INFO  no build target found for /Users/luiscadena/Documents/Universidad/semestre7/Compunet_2/TareaRest/tarea-rest-webones/src/main/java/com/gestion/academica/controller/ActivityController.java. Using fallback presentation compiler.
2026.05.06 12:12:49 INFO  no build target found for /Users/luiscadena/Documents/Universidad/semestre7/Compunet_2/TareaRest/tarea-rest-webones/src/main/java/com/gestion/academica/controller/ActivityController.java. Using fallback presentation compiler.
2026.05.06 12:12:51 INFO  no build target found for /Users/luiscadena/Documents/Universidad/semestre7/Compunet_2/TareaRest/tarea-rest-webones/src/main/java/com/gestion/academica/controller/ActivityController.java. Using fallback presentation compiler.
2026.05.06 12:12:54 WARN  no build target for: /Users/luiscadena/Documents/Universidad/semestre7/Compunet_2/TareaRest/tarea-rest-webones/src/main/java/com/gestion/academica/controller/AuthController.java
2026.05.06 12:12:54 INFO  no build target found for /Users/luiscadena/Documents/Universidad/semestre7/Compunet_2/TareaRest/tarea-rest-webones/src/main/java/com/gestion/academica/controller/AuthController.java. Using fallback presentation compiler.
2026.05.06 12:12:54 INFO  no build target found for /Users/luiscadena/Documents/Universidad/semestre7/Compunet_2/TareaRest/tarea-rest-webones/src/main/java/com/gestion/academica/controller/AuthController.java. Using fallback presentation compiler.
2026.05.06 12:12:55 INFO  no build target found for /Users/luiscadena/Documents/Universidad/semestre7/Compunet_2/TareaRest/tarea-rest-webones/src/main/java/com/gestion/academica/controller/AuthController.java. Using fallback presentation compiler.
2026.05.06 12:15:15 INFO  no build target found for /Users/luiscadena/Documents/Universidad/semestre7/Compunet_2/TareaRest/tarea-rest-webones/src/main/java/com/gestion/academica/controller/AuthController.java. Using fallback presentation compiler.
May 06, 2026 12:15:15 P.M. org.eclipse.lsp4j.jsonrpc.RemoteEndpoint handleCancellation
WARNING: Unmatched cancel notification for request id 77
2026.05.06 12:15:25 INFO  no build target found for /Users/luiscadena/Documents/Universidad/semestre7/Compunet_2/TareaRest/tarea-rest-webones/src/main/java/com/gestion/academica/controller/AuthController.java. Using fallback presentation compiler.
2026.05.06 12:15:27 INFO  no build target found for /Users/luiscadena/Documents/Universidad/semestre7/Compunet_2/TareaRest/tarea-rest-webones/src/main/java/com/gestion/academica/controller/AuthController.java. Using fallback presentation compiler.
2026.05.06 12:15:31 WARN  no build target for: /Users/luiscadena/Documents/Universidad/semestre7/Compunet_2/TareaRest/tarea-rest-webones/src/main/java/com/gestion/academica/security/JwtService.java
2026.05.06 12:15:31 INFO  no build target found for /Users/luiscadena/Documents/Universidad/semestre7/Compunet_2/TareaRest/tarea-rest-webones/src/main/java/com/gestion/academica/security/JwtService.java. Using fallback presentation compiler.
2026.05.06 12:15:32 INFO  no build target found for /Users/luiscadena/Documents/Universidad/semestre7/Compunet_2/TareaRest/tarea-rest-webones/src/main/java/com/gestion/academica/security/JwtService.java. Using fallback presentation compiler.
2026.05.06 12:15:32 INFO  no build target found for /Users/luiscadena/Documents/Universidad/semestre7/Compunet_2/TareaRest/tarea-rest-webones/src/main/java/com/gestion/academica/security/JwtService.java. Using fallback presentation compiler.
2026.05.06 12:15:32 INFO  no build target found for /Users/luiscadena/Documents/Universidad/semestre7/Compunet_2/TareaRest/tarea-rest-webones/src/main/java/com/gestion/academica/controller/AuthController.java. Using fallback presentation compiler.
May 06, 2026 12:15:32 P.M. org.eclipse.lsp4j.jsonrpc.RemoteEndpoint handleCancellation
WARNING: Unmatched cancel notification for request id 93
2026.05.06 12:15:34 INFO  no build target found for /Users/luiscadena/Documents/Universidad/semestre7/Compunet_2/TareaRest/tarea-rest-webones/src/main/java/com/gestion/academica/security/JwtService.java. Using fallback presentation compiler.
2026.05.06 12:15:38 WARN  no build target for: /Users/luiscadena/Documents/Universidad/semestre7/Compunet_2/TareaRest/tarea-rest-webones/src/main/java/com/gestion/academica/controller/ActivityController.java
2026.05.06 12:15:38 INFO  no build target found for /Users/luiscadena/Documents/Universidad/semestre7/Compunet_2/TareaRest/tarea-rest-webones/src/main/java/com/gestion/academica/controller/ActivityController.java. Using fallback presentation compiler.
2026.05.06 12:15:38 INFO  no build target found for /Users/luiscadena/Documents/Universidad/semestre7/Compunet_2/TareaRest/tarea-rest-webones/src/main/java/com/gestion/academica/controller/ActivityController.java. Using fallback presentation compiler.
2026.05.06 12:15:38 INFO  no build target found for /Users/luiscadena/Documents/Universidad/semestre7/Compunet_2/TareaRest/tarea-rest-webones/src/main/java/com/gestion/academica/controller/AuthController.java. Using fallback presentation compiler.
2026.05.06 12:15:42 INFO  no build target found for /Users/luiscadena/Documents/Universidad/semestre7/Compunet_2/TareaRest/tarea-rest-webones/src/main/java/com/gestion/academica/controller/ActivityController.java. Using fallback presentation compiler.
2026.05.06 12:15:42 INFO  no build target found for /Users/luiscadena/Documents/Universidad/semestre7/Compunet_2/TareaRest/tarea-rest-webones/src/main/java/com/gestion/academica/controller/ActivityController.java. Using fallback presentation compiler.
2026.05.06 12:15:45 WARN  no build target for: /Users/luiscadena/Documents/Universidad/semestre7/Compunet_2/TareaRest/tarea-rest-webones/src/main/java/com/gestion/academica/controller/AuthController.java
2026.05.06 12:15:45 INFO  no build target found for /Users/luiscadena/Documents/Universidad/semestre7/Compunet_2/TareaRest/tarea-rest-webones/src/main/java/com/gestion/academica/controller/AuthController.java. Using fallback presentation compiler.
2026.05.06 12:15:45 INFO  no build target found for /Users/luiscadena/Documents/Universidad/semestre7/Compunet_2/TareaRest/tarea-rest-webones/src/main/java/com/gestion/academica/controller/AuthController.java. Using fallback presentation compiler.
2026.05.06 12:15:48 INFO  no build target found for /Users/luiscadena/Documents/Universidad/semestre7/Compunet_2/TareaRest/tarea-rest-webones/src/main/java/com/gestion/academica/controller/CourseController.java. Using fallback presentation compiler.
2026.05.06 12:15:48 WARN  no build target for: /Users/luiscadena/Documents/Universidad/semestre7/Compunet_2/TareaRest/tarea-rest-webones/src/main/java/com/gestion/academica/controller/CourseController.java
2026.05.06 12:15:48 INFO  no build target found for /Users/luiscadena/Documents/Universidad/semestre7/Compunet_2/TareaRest/tarea-rest-webones/src/main/java/com/gestion/academica/controller/AuthController.java. Using fallback presentation compiler.
2026.05.06 12:15:48 INFO  no build target found for /Users/luiscadena/Documents/Universidad/semestre7/Compunet_2/TareaRest/tarea-rest-webones/src/main/java/com/gestion/academica/controller/CourseController.java. Using fallback presentation compiler.
2026.05.06 12:15:48 INFO  no build target found for /Users/luiscadena/Documents/Universidad/semestre7/Compunet_2/TareaRest/tarea-rest-webones/src/main/java/com/gestion/academica/controller/CourseController.java. Using fallback presentation compiler.
2026.05.06 12:15:50 WARN  no build target for: /Users/luiscadena/Documents/Universidad/semestre7/Compunet_2/TareaRest/tarea-rest-webones/src/main/java/com/gestion/academica/controller/SubmissionController.java
2026.05.06 12:15:50 INFO  no build target found for /Users/luiscadena/Documents/Universidad/semestre7/Compunet_2/TareaRest/tarea-rest-webones/src/main/java/com/gestion/academica/controller/SubmissionController.java. Using fallback presentation compiler.
2026.05.06 12:15:51 INFO  no build target found for /Users/luiscadena/Documents/Universidad/semestre7/Compunet_2/TareaRest/tarea-rest-webones/src/main/java/com/gestion/academica/controller/SubmissionController.java. Using fallback presentation compiler.
2026.05.06 12:15:51 INFO  no build target found for /Users/luiscadena/Documents/Universidad/semestre7/Compunet_2/TareaRest/tarea-rest-webones/src/main/java/com/gestion/academica/controller/AuthController.java. Using fallback presentation compiler.
2026.05.06 12:15:52 INFO  no build target found for /Users/luiscadena/Documents/Universidad/semestre7/Compunet_2/TareaRest/tarea-rest-webones/src/main/java/com/gestion/academica/controller/SubmissionController.java. Using fallback presentation compiler.
2026.05.06 12:16:00 INFO  no build target found for /Users/luiscadena/Documents/Universidad/semestre7/Compunet_2/TareaRest/tarea-rest-webones/src/main/java/com/gestion/academica/controller/AuthController.java. Using fallback presentation compiler.
2026.05.06 12:16:00 INFO  no build target found for /Users/luiscadena/Documents/Universidad/semestre7/Compunet_2/TareaRest/tarea-rest-webones/src/main/java/com/gestion/academica/controller/AuthController.java. Using fallback presentation compiler.
2026.05.06 12:16:12 INFO  no build target found for /Users/luiscadena/Documents/Universidad/semestre7/Compunet_2/TareaRest/tarea-rest-webones/src/main/java/com/gestion/academica/controller/AuthController.java. Using fallback presentation compiler.
2026.05.06 12:16:34 WARN  no build target for: /Users/luiscadena/Documents/Universidad/semestre7/Compunet_2/TareaRest/Postman_puntos/auth/src/main/java/co/icesi/auth/api/AuthApiController.java
2026.05.06 12:16:35 INFO  no build target found for /Users/luiscadena/Documents/Universidad/semestre7/Compunet_2/TareaRest/Postman_puntos/auth/src/main/java/co/icesi/auth/api/AuthApiController.java. Using fallback presentation compiler.
2026.05.06 12:16:36 INFO  no build target found for /Users/luiscadena/Documents/Universidad/semestre7/Compunet_2/TareaRest/tarea-rest-webones/src/main/java/com/gestion/academica/controller/AuthController.java. Using fallback presentation compiler.
2026.05.06 12:16:36 INFO  no build target found for /Users/luiscadena/Documents/Universidad/semestre7/Compunet_2/TareaRest/Postman_puntos/auth/src/main/java/co/icesi/auth/api/AuthApiController.java. Using fallback presentation compiler.
2026.05.06 12:16:36 INFO  no build target found for /Users/luiscadena/Documents/Universidad/semestre7/Compunet_2/TareaRest/Postman_puntos/auth/src/main/java/co/icesi/auth/api/AuthApiController.java. Using fallback presentation compiler.
2026.05.06 12:16:37 INFO  no build target found for /Users/luiscadena/Documents/Universidad/semestre7/Compunet_2/TareaRest/Postman_puntos/auth/src/main/java/co/icesi/auth/api/AuthApiController.java. Using fallback presentation compiler.
2026.05.06 12:16:38 INFO  time: code lens generation in 2.04s
2026.05.06 12:20:00 WARN  no build target for: /Users/luiscadena/Documents/Universidad/semestre7/Compunet_2/TareaRest/tarea-rest-webones/src/main/java/com/gestion/academica/api/AuthApi.java
2026.05.06 12:20:00 INFO  no build target found for /Users/luiscadena/Documents/Universidad/semestre7/Compunet_2/TareaRest/Postman_puntos/auth/src/main/java/co/icesi/auth/api/AuthApiController.java. Using fallback presentation compiler.
2026.05.06 12:20:00 INFO  no build target found for /Users/luiscadena/Documents/Universidad/semestre7/Compunet_2/TareaRest/tarea-rest-webones/src/main/java/com/gestion/academica/controller/AuthController.java. Using fallback presentation compiler.
2026.05.06 12:20:01 WARN  no build target for: /Users/luiscadena/Documents/Universidad/semestre7/Compunet_2/TareaRest/tarea-rest-webones/src/main/java/com/gestion/academica/api/CourseApi.java
2026.05.06 12:20:01 INFO  no build target found for /Users/luiscadena/Documents/Universidad/semestre7/Compunet_2/TareaRest/Postman_puntos/auth/src/main/java/co/icesi/auth/api/AuthApiController.java. Using fallback presentation compiler.
2026.05.06 12:20:01 INFO  no build target found for /Users/luiscadena/Documents/Universidad/semestre7/Compunet_2/TareaRest/tarea-rest-webones/src/main/java/com/gestion/academica/controller/AuthController.java. Using fallback presentation compiler.
2026.05.06 12:20:05 WARN  no build target for: /Users/luiscadena/Documents/Universidad/semestre7/Compunet_2/TareaRest/tarea-rest-webones/src/main/java/com/gestion/academica/api/ActivityApi.java
2026.05.06 12:20:05 INFO  no build target found for /Users/luiscadena/Documents/Universidad/semestre7/Compunet_2/TareaRest/Postman_puntos/auth/src/main/java/co/icesi/auth/api/AuthApiController.java. Using fallback presentation compiler.
2026.05.06 12:20:05 INFO  no build target found for /Users/luiscadena/Documents/Universidad/semestre7/Compunet_2/TareaRest/tarea-rest-webones/src/main/java/com/gestion/academica/controller/AuthController.java. Using fallback presentation compiler.
2026.05.06 12:20:06 WARN  no build target for: /Users/luiscadena/Documents/Universidad/semestre7/Compunet_2/TareaRest/tarea-rest-webones/src/main/java/com/gestion/academica/api/SubmissionApi.java
2026.05.06 12:20:06 INFO  no build target found for /Users/luiscadena/Documents/Universidad/semestre7/Compunet_2/TareaRest/Postman_puntos/auth/src/main/java/co/icesi/auth/api/AuthApiController.java. Using fallback presentation compiler.
2026.05.06 12:20:06 INFO  no build target found for /Users/luiscadena/Documents/Universidad/semestre7/Compunet_2/TareaRest/tarea-rest-webones/src/main/java/com/gestion/academica/controller/AuthController.java. Using fallback presentation compiler.
2026.05.06 12:20:22 INFO  no build target found for /Users/luiscadena/Documents/Universidad/semestre7/Compunet_2/TareaRest/tarea-rest-webones/src/main/java/com/gestion/academica/controller/AuthController.java. Using fallback presentation compiler.
2026.05.06 12:20:23 INFO  no build target found for /Users/luiscadena/Documents/Universidad/semestre7/Compunet_2/TareaRest/tarea-rest-webones/src/main/java/com/gestion/academica/controller/AuthController.java. Using fallback presentation compiler.
2026.05.06 12:20:25 INFO  no build target found for /Users/luiscadena/Documents/Universidad/semestre7/Compunet_2/TareaRest/tarea-rest-webones/src/main/java/com/gestion/academica/controller/CourseController.java. Using fallback presentation compiler.
2026.05.06 12:20:27 INFO  no build target found for /Users/luiscadena/Documents/Universidad/semestre7/Compunet_2/TareaRest/tarea-rest-webones/src/main/java/com/gestion/academica/controller/ActivityController.java. Using fallback presentation compiler.
2026.05.06 12:20:29 INFO  no build target found for /Users/luiscadena/Documents/Universidad/semestre7/Compunet_2/TareaRest/tarea-rest-webones/src/main/java/com/gestion/academica/controller/SubmissionController.java. Using fallback presentation compiler.
2026.05.06 12:22:59 INFO  no build target found for /Users/luiscadena/Documents/Universidad/semestre7/Compunet_2/TareaRest/tarea-rest-webones/src/main/java/com/gestion/academica/api/AuthApi.java. Using fallback presentation compiler.
2026.05.06 12:23:01 INFO  no build target found for /Users/luiscadena/Documents/Universidad/semestre7/Compunet_2/TareaRest/tarea-rest-webones/src/main/java/com/gestion/academica/api/CourseApi.java. Using fallback presentation compiler.
2026.05.06 12:23:03 INFO  no build target found for /Users/luiscadena/Documents/Universidad/semestre7/Compunet_2/TareaRest/tarea-rest-webones/src/main/java/com/gestion/academica/api/ActivityApi.java. Using fallback presentation compiler.
2026.05.06 12:23:05 INFO  no build target found for /Users/luiscadena/Documents/Universidad/semestre7/Compunet_2/TareaRest/tarea-rest-webones/src/main/java/com/gestion/academica/api/SubmissionApi.java. Using fallback presentation compiler.
2026.05.06 13:51:43 WARN  no build target for: /Users/luiscadena/Documents/Universidad/semestre7/Compunet_2/TareaRest/tarea-rest-webones/src/main/java/com/gestion/academica/api/CourseApi.java
2026.05.06 13:51:43 WARN  no build target for: /Users/luiscadena/Documents/Universidad/semestre7/Compunet_2/TareaRest/tarea-rest-webones/src/main/java/com/gestion/academica/api/AuthApi.java
2026.05.06 13:51:43 INFO  no build target found for /Users/luiscadena/Documents/Universidad/semestre7/Compunet_2/TareaRest/tarea-rest-webones/src/main/java/com/gestion/academica/api/AuthApi.java. Using fallback presentation compiler.
2026.05.06 13:51:43 INFO  no build target found for /Users/luiscadena/Documents/Universidad/semestre7/Compunet_2/TareaRest/tarea-rest-webones/src/main/java/com/gestion/academica/api/AuthApi.java. Using fallback presentation compiler.
May 06, 2026 1:51:44 P.M. org.eclipse.lsp4j.jsonrpc.RemoteEndpoint handleCancellation
WARNING: Unmatched cancel notification for request id 174
2026.05.06 13:51:44 INFO  no build target found for /Users/luiscadena/Documents/Universidad/semestre7/Compunet_2/TareaRest/tarea-rest-webones/src/main/java/com/gestion/academica/controller/AuthController.java. Using fallback presentation compiler.
2026.05.06 13:51:45 INFO  time: code lens generation in 1.03s
2026.05.06 13:51:47 INFO  no build target found for /Users/luiscadena/Documents/Universidad/semestre7/Compunet_2/TareaRest/tarea-rest-webones/src/main/java/com/gestion/academica/api/AuthApi.java. Using fallback presentation compiler.
2026.05.06 13:51:51 WARN  no build target for: /Users/luiscadena/Documents/Universidad/semestre7/Compunet_2/TareaRest/tarea-rest-webones/src/main/java/com/gestion/academica/api/SubmissionApi.java
2026.05.06 13:51:51 INFO  no build target found for /Users/luiscadena/Documents/Universidad/semestre7/Compunet_2/TareaRest/tarea-rest-webones/src/main/java/com/gestion/academica/api/SubmissionApi.java. Using fallback presentation compiler.
2026.05.06 13:51:52 INFO  no build target found for /Users/luiscadena/Documents/Universidad/semestre7/Compunet_2/TareaRest/tarea-rest-webones/src/main/java/com/gestion/academica/api/SubmissionApi.java. Using fallback presentation compiler.
May 06, 2026 1:51:52 P.M. org.eclipse.lsp4j.jsonrpc.RemoteEndpoint handleCancellation
WARNING: Unmatched cancel notification for request id 186
2026.05.06 13:51:52 INFO  no build target found for /Users/luiscadena/Documents/Universidad/semestre7/Compunet_2/TareaRest/tarea-rest-webones/src/main/java/com/gestion/academica/controller/AuthController.java. Using fallback presentation compiler.
2026.05.06 13:51:53 INFO  no build target found for /Users/luiscadena/Documents/Universidad/semestre7/Compunet_2/TareaRest/tarea-rest-webones/src/main/java/com/gestion/academica/api/SubmissionApi.java. Using fallback presentation compiler.
2026.05.06 13:51:53 INFO  time: code lens generation in 1.24s
2026.05.06 13:51:54 INFO  no build target found for /Users/luiscadena/Documents/Universidad/semestre7/Compunet_2/TareaRest/tarea-rest-webones/src/main/java/com/gestion/academica/api/SubmissionApi.java. Using fallback presentation compiler.
2026.05.06 13:51:53 INFO  no build target found for /Users/luiscadena/Documents/Universidad/semestre7/Compunet_2/TareaRest/tarea-rest-webones/src/main/java/com/gestion/academica/api/SubmissionApi.java. Using fallback presentation compiler.
2026.05.06 13:51:59 WARN  no build target for: /Users/luiscadena/Documents/Universidad/semestre7/Compunet_2/TareaRest/tarea-rest-webones/src/main/java/com/gestion/academica/controller/SubmissionController.java
2026.05.06 13:51:59 INFO  no build target found for /Users/luiscadena/Documents/Universidad/semestre7/Compunet_2/TareaRest/tarea-rest-webones/src/main/java/com/gestion/academica/controller/SubmissionController.java. Using fallback presentation compiler.
2026.05.06 13:51:59 INFO  no build target found for /Users/luiscadena/Documents/Universidad/semestre7/Compunet_2/TareaRest/tarea-rest-webones/src/main/java/com/gestion/academica/controller/AuthController.java. Using fallback presentation compiler.
2026.05.06 13:52:01 INFO  no build target found for /Users/luiscadena/Documents/Universidad/semestre7/Compunet_2/TareaRest/tarea-rest-webones/src/main/java/com/gestion/academica/controller/AuthController.java. Using fallback presentation compiler.
2026.05.06 13:52:01 INFO  no build target found for /Users/luiscadena/Documents/Universidad/semestre7/Compunet_2/TareaRest/tarea-rest-webones/src/main/java/com/gestion/academica/controller/SubmissionController.java. Using fallback presentation compiler.
2026.05.06 13:52:02 INFO  no build target found for /Users/luiscadena/Documents/Universidad/semestre7/Compunet_2/TareaRest/tarea-rest-webones/src/main/java/com/gestion/academica/controller/SubmissionController.java. Using fallback presentation compiler.
2026.05.06 13:52:07 INFO  no build target found for /Users/luiscadena/Documents/Universidad/semestre7/Compunet_2/TareaRest/tarea-rest-webones/src/main/java/com/gestion/academica/controller/SubmissionController.java. Using fallback presentation compiler.
2026.05.06 13:52:17 WARN  no build target for: /Users/luiscadena/Documents/Universidad/semestre7/Compunet_2/TareaRest/tarea-rest-webones/src/main/java/com/gestion/academica/api/ActivityApi.java
2026.05.06 13:52:18 INFO  no build target found for /Users/luiscadena/Documents/Universidad/semestre7/Compunet_2/TareaRest/tarea-rest-webones/src/main/java/com/gestion/academica/controller/SubmissionController.java. Using fallback presentation compiler.
2026.05.06 13:52:18 INFO  no build target found for /Users/luiscadena/Documents/Universidad/semestre7/Compunet_2/TareaRest/tarea-rest-webones/src/main/java/com/gestion/academica/controller/AuthController.java. Using fallback presentation compiler.
2026.05.06 13:53:24 INFO  time: code lens generation in 1.11s
2026.05.06 13:53:35 WARN  no build target for: /Users/luiscadena/Documents/Universidad/semestre7/Compunet_2/TareaRest/tarea-rest-webones/src/main/java/com/gestion/academica/api/ActivityApi.java
2026.05.06 13:53:35 INFO  no build target found for /Users/luiscadena/Documents/Universidad/semestre7/Compunet_2/TareaRest/tarea-rest-webones/src/main/java/com/gestion/academica/api/ActivityApi.java. Using fallback presentation compiler.
2026.05.06 13:53:35 INFO  no build target found for /Users/luiscadena/Documents/Universidad/semestre7/Compunet_2/TareaRest/tarea-rest-webones/src/main/java/com/gestion/academica/api/ActivityApi.java. Using fallback presentation compiler.
2026.05.06 13:53:37 WARN  no build target for: /Users/luiscadena/Documents/Universidad/semestre7/Compunet_2/TareaRest/tarea-rest-webones/src/main/java/com/gestion/academica/api/AuthApi.java
2026.05.06 13:53:37 INFO  no build target found for /Users/luiscadena/Documents/Universidad/semestre7/Compunet_2/TareaRest/tarea-rest-webones/src/main/java/com/gestion/academica/api/AuthApi.java. Using fallback presentation compiler.
2026.05.06 13:53:38 INFO  no build target found for /Users/luiscadena/Documents/Universidad/semestre7/Compunet_2/TareaRest/tarea-rest-webones/src/main/java/com/gestion/academica/api/AuthApi.java. Using fallback presentation compiler.
2026.05.06 13:53:37 INFO  no build target found for /Users/luiscadena/Documents/Universidad/semestre7/Compunet_2/TareaRest/tarea-rest-webones/src/main/java/com/gestion/academica/api/CourseApi.java. Using fallback presentation compiler.
2026.05.06 13:53:38 WARN  no build target for: /Users/luiscadena/Documents/Universidad/semestre7/Compunet_2/TareaRest/tarea-rest-webones/src/main/java/com/gestion/academica/api/CourseApi.java
2026.05.06 13:53:38 INFO  no build target found for /Users/luiscadena/Documents/Universidad/semestre7/Compunet_2/TareaRest/tarea-rest-webones/src/main/java/com/gestion/academica/api/CourseApi.java. Using fallback presentation compiler.
2026.05.06 13:53:41 WARN  no build target for: /Users/luiscadena/Documents/Universidad/semestre7/Compunet_2/TareaRest/tarea-rest-webones/src/main/java/com/gestion/academica/api/SubmissionApi.java
2026.05.06 13:53:41 INFO  no build target found for /Users/luiscadena/Documents/Universidad/semestre7/Compunet_2/TareaRest/tarea-rest-webones/src/main/java/com/gestion/academica/api/SubmissionApi.java. Using fallback presentation compiler.
2026.05.06 13:53:41 INFO  no build target found for /Users/luiscadena/Documents/Universidad/semestre7/Compunet_2/TareaRest/tarea-rest-webones/src/main/java/com/gestion/academica/api/SubmissionApi.java. Using fallback presentation compiler.
2026.05.06 13:53:46 WARN  no build target for: /Users/luiscadena/Documents/Universidad/semestre7/Compunet_2/TareaRest/tarea-rest-webones/src/main/java/com/gestion/academica/config/DataInitializer.java
2026.05.06 13:53:46 INFO  no build target found for /Users/luiscadena/Documents/Universidad/semestre7/Compunet_2/TareaRest/tarea-rest-webones/src/main/java/com/gestion/academica/config/DataInitializer.java. Using fallback presentation compiler.
2026.05.06 13:53:46 INFO  no build target found for /Users/luiscadena/Documents/Universidad/semestre7/Compunet_2/TareaRest/tarea-rest-webones/src/main/java/com/gestion/academica/config/DataInitializer.java. Using fallback presentation compiler.
2026.05.06 13:53:46 INFO  no build target found for /Users/luiscadena/Documents/Universidad/semestre7/Compunet_2/TareaRest/tarea-rest-webones/src/main/java/com/gestion/academica/controller/ActivityController.java. Using fallback presentation compiler.
2026.05.06 13:53:47 WARN  no build target for: /Users/luiscadena/Documents/Universidad/semestre7/Compunet_2/TareaRest/tarea-rest-webones/src/main/java/com/gestion/academica/controller/ActivityController.java
2026.05.06 13:53:47 INFO  no build target found for /Users/luiscadena/Documents/Universidad/semestre7/Compunet_2/TareaRest/tarea-rest-webones/src/main/java/com/gestion/academica/controller/ActivityController.java. Using fallback presentation compiler.
2026.05.06 13:53:47 INFO  no build target found for /Users/luiscadena/Documents/Universidad/semestre7/Compunet_2/TareaRest/tarea-rest-webones/src/main/java/com/gestion/academica/controller/ActivityController.java. Using fallback presentation compiler.
May 06, 2026 1:53:48 P.M. org.eclipse.lsp4j.jsonrpc.RemoteEndpoint handleCancellation
WARNING: Unmatched cancel notification for request id 263
2026.05.06 13:53:47 INFO  no build target found for /Users/luiscadena/Documents/Universidad/semestre7/Compunet_2/TareaRest/tarea-rest-webones/src/main/java/com/gestion/academica/controller/AuthController.java. Using fallback presentation compiler.
2026.05.06 13:53:48 WARN  no build target for: /Users/luiscadena/Documents/Universidad/semestre7/Compunet_2/TareaRest/tarea-rest-webones/src/main/java/com/gestion/academica/controller/AuthController.java
2026.05.06 13:53:48 INFO  no build target found for /Users/luiscadena/Documents/Universidad/semestre7/Compunet_2/TareaRest/tarea-rest-webones/src/main/java/com/gestion/academica/controller/AuthController.java. Using fallback presentation compiler.
May 06, 2026 1:53:48 P.M. org.eclipse.lsp4j.jsonrpc.RemoteEndpoint handleCancellation
WARNING: Unmatched cancel notification for request id 267
May 06, 2026 1:53:48 P.M. org.eclipse.lsp4j.jsonrpc.RemoteEndpoint handleCancellation
WARNING: Unmatched cancel notification for request id 266
May 06, 2026 1:53:48 P.M. org.eclipse.lsp4j.jsonrpc.RemoteEndpoint handleCancellation
WARNING: Unmatched cancel notification for request id 265
2026.05.06 13:53:47 INFO  no build target found for /Users/luiscadena/Documents/Universidad/semestre7/Compunet_2/TareaRest/tarea-rest-webones/src/main/java/com/gestion/academica/controller/CourseController.java. Using fallback presentation compiler.
2026.05.06 13:53:48 WARN  no build target for: /Users/luiscadena/Documents/Universidad/semestre7/Compunet_2/TareaRest/tarea-rest-webones/src/main/java/com/gestion/academica/controller/CourseController.java
2026.05.06 13:53:48 INFO  no build target found for /Users/luiscadena/Documents/Universidad/semestre7/Compunet_2/TareaRest/tarea-rest-webones/src/main/java/com/gestion/academica/controller/CourseController.java. Using fallback presentation compiler.
2026.05.06 13:53:49 INFO  no build target found for /Users/luiscadena/Documents/Universidad/semestre7/Compunet_2/TareaRest/tarea-rest-webones/src/main/java/com/gestion/academica/controller/SubmissionController.java. Using fallback presentation compiler.
2026.05.06 13:53:49 WARN  no build target for: /Users/luiscadena/Documents/Universidad/semestre7/Compunet_2/TareaRest/tarea-rest-webones/src/main/java/com/gestion/academica/controller/SubmissionController.java
2026.05.06 13:53:49 INFO  no build target found for /Users/luiscadena/Documents/Universidad/semestre7/Compunet_2/TareaRest/tarea-rest-webones/src/main/java/com/gestion/academica/controller/SubmissionController.java. Using fallback presentation compiler.
2026.05.06 13:53:49 INFO  time: code lens generation in 1.05s
2026.05.06 15:16:53 INFO  no build target found for /Users/luiscadena/Documents/Universidad/semestre7/Compunet_2/TareaRest/tarea-rest-webones/src/main/java/com/gestion/academica/controller/SubmissionController.java. Using fallback presentation compiler.
2026.05.06 15:16:55 INFO  no build target found for /Users/luiscadena/Documents/Universidad/semestre7/Compunet_2/TareaRest/tarea-rest-webones/src/main/java/com/gestion/academica/controller/SubmissionController.java. Using fallback presentation compiler.
2026.05.06 15:16:57 WARN  no build target for: /Users/luiscadena/Documents/Universidad/semestre7/Compunet_2/TareaRest/tarea-rest-webones/src/main/java/com/gestion/academica/controller/SubmissionController.java
2026.05.06 15:16:57 INFO  no build target found for /Users/luiscadena/Documents/Universidad/semestre7/Compunet_2/TareaRest/tarea-rest-webones/src/main/java/com/gestion/academica/controller/SubmissionController.java. Using fallback presentation compiler.
2026.05.06 15:19:17 INFO  no build target found for /Users/luiscadena/Documents/Universidad/semestre7/Compunet_2/TareaRest/Postman_puntos/auth/src/main/java/co/icesi/auth/api/AuthApiController.java. Using fallback presentation compiler.
2026.05.06 15:19:19 WARN  no build target for: /Users/luiscadena/Documents/Universidad/semestre7/Compunet_2/TareaRest/tarea-rest-webones/src/main/java/com/gestion/academica/AcademicaApplication.java
2026.05.06 15:19:19 INFO  no build target found for /Users/luiscadena/Documents/Universidad/semestre7/Compunet_2/TareaRest/tarea-rest-webones/src/main/java/com/gestion/academica/AcademicaApplication.java. Using fallback presentation compiler.
2026.05.06 15:19:20 INFO  no build target found for /Users/luiscadena/Documents/Universidad/semestre7/Compunet_2/TareaRest/tarea-rest-webones/src/main/java/com/gestion/academica/AcademicaApplication.java. Using fallback presentation compiler.
2026.05.06 15:19:21 INFO  no build target found for /Users/luiscadena/Documents/Universidad/semestre7/Compunet_2/TareaRest/tarea-rest-webones/src/main/java/com/gestion/academica/AcademicaApplication.java. Using fallback presentation compiler.
2026.05.06 15:19:23 WARN  no build target for: /Users/luiscadena/Documents/Universidad/semestre7/Compunet_2/TareaRest/tarea-rest-webones/src/main/java/com/gestion/academica/service/SubmissionService.java
2026.05.06 15:19:23 INFO  no build target found for /Users/luiscadena/Documents/Universidad/semestre7/Compunet_2/TareaRest/tarea-rest-webones/src/main/java/com/gestion/academica/service/SubmissionService.java. Using fallback presentation compiler.
2026.05.06 15:19:24 INFO  no build target found for /Users/luiscadena/Documents/Universidad/semestre7/Compunet_2/TareaRest/tarea-rest-webones/src/main/java/com/gestion/academica/service/SubmissionService.java. Using fallback presentation compiler.
May 06, 2026 3:19:24 P.M. org.eclipse.lsp4j.jsonrpc.RemoteEndpoint handleCancellation
WARNING: Unmatched cancel notification for request id 306
May 06, 2026 3:19:24 P.M. org.eclipse.lsp4j.jsonrpc.RemoteEndpoint handleCancellation
WARNING: Unmatched cancel notification for request id 305
May 06, 2026 3:19:24 P.M. org.eclipse.lsp4j.jsonrpc.RemoteEndpoint handleCancellation
WARNING: Unmatched cancel notification for request id 302
May 06, 2026 3:19:24 P.M. org.eclipse.lsp4j.jsonrpc.RemoteEndpoint handleCancellation
WARNING: Unmatched cancel notification for request id 303
2026.05.06 15:19:24 WARN  no build target for: /Users/luiscadena/Documents/Universidad/semestre7/Compunet_2/TareaRest/tarea-rest-webones/src/main/java/com/gestion/academica/service/CourseService.java
2026.05.06 15:19:23 INFO  no build target found for /Users/luiscadena/Documents/Universidad/semestre7/Compunet_2/TareaRest/tarea-rest-webones/src/main/java/com/gestion/academica/service/CourseService.java. Using fallback presentation compiler.
2026.05.06 15:19:24 INFO  no build target found for /Users/luiscadena/Documents/Universidad/semestre7/Compunet_2/TareaRest/tarea-rest-webones/src/main/java/com/gestion/academica/service/CourseService.java. Using fallback presentation compiler.
2026.05.06 15:19:24 INFO  no build target found for /Users/luiscadena/Documents/Universidad/semestre7/Compunet_2/TareaRest/tarea-rest-webones/src/main/java/com/gestion/academica/service/CourseService.java. Using fallback presentation compiler.
2026.05.06 15:19:25 INFO  time: code lens generation in 1.05s
2026.05.06 15:20:32 INFO  no build target found for /Users/luiscadena/Documents/Universidad/semestre7/Compunet_2/TareaRest/tarea-rest-webones/src/main/java/com/gestion/academica/service/CourseService.java. Using fallback presentation compiler.
2026.05.06 15:23:18 INFO  no build target found for /Users/luiscadena/Documents/Universidad/semestre7/Compunet_2/TareaRest/tarea-rest-webones/src/main/java/com/gestion/academica/AcademicaApplication.java. Using fallback presentation compiler.
